[
  "user_id",
  "device_id",
  "identityKey",
  {
    "preKeys": [
      "keyId",
      "publicKey"
    ]
  },
  {
    "signedPreKey": [
      "keyId",
      "publicKey",
      "signature"
    ]
  }
]