{
  "id": "ANY",
  "identity_key": null,
  "prekeys": [
    {
      "keyId": "1",
      "publicKey": "[5,239,179,213,184,170,221,104,207,50,224,3,92,63,3,254,242,216,230,125,214,215,190,17,127,171,149,59,206,247,175,38,117]"
    },
    {
      "keyId": "2",
      "publicKey": "[5,18,9,21,153,229,92,10,127,215,92,136,235,243,146,140,172,73,115,64,133,95,95,148,226,45,56,60,180,48,44,135,19]"
    }
  ],
  "signed_prekey": {
    "keyId": "100",
    "publicKey": "[5,187,238,137,194,99,8,191,45,180,236,45,71,2,166,251,113,223,44,250,72,162,149,155,71,248,215,233,84,226,185,111,120]",
    "signature": "[57,33,84,160,83,79,122,75,205,19,244,81,182,218,217,71,115,58,24,157,44,245,17,192,154,17,84,136,179,205,222,200,107,221,243,25,134,118,25,60,7,209,110,145,233,3,68,63,215,236,127,229,7,169,43,14,11,29,124,200,96,88,66,135]"
  },
  "user_id": 399,
  "in_user_hierarchy_index": 1
}