{
  "message": "No such user exists",
  "success": false
}