{
  "message": "Password reset email sent successfully",
  "success": true
}