{
  "message": "Your password has been successfully reset!",
  "successful": true
}