<div style="width: 100%; height: 100%">
  <div style="width: 600px; margin:auto ;background: #fff;padding-bottom: 1rem">
    <div style="width:600px;">
      <div style="width: 600px;height: 64px;background: #FFFFFF;opacity: 0.9; padding: 15px 32px; box-sizing: border-box">
        <img src="http://localhost:3000/logo.png" alt="ByeSpy">
      </div>
    </div>
    <img style="width: 600px; height: 250px; margin-bottom: 15px" src="http://localhost:3000/mails/new_user.png"/>
    <div style="text-align: center">
      <p style="
  font-family: 'Open Sans', sans-serif;
  font-style: normal;
  font-weight: bold;
  font-size: 18px;
  line-height: 25px;
  text-align: center;
  color: #282828;
">
  Hello NoweKontoJarka
</p>
<span style="
  font-family: 'Open Sans', sans-serif;
  box-sizing: border-box;
  color: #282828;
  font-size: 14px;
  line-height: 19px;
  display: block;
  text-align: center;
  padding: 7px 32px;
">
  Welcome on ByeSpy!
</span>
<span style="
  font-family: 'Open Sans', sans-serif;
  box-sizing: border-box;
  color: #282828;
  font-size: 14px;
  line-height: 19px;
  display: block;
  text-align: center;
  padding: 7px 32px;
">
  The only thing left to do to enjoy your account is account activation. Please, click a button below.
</span>
<a href="http://localhost:3000/login/TOKEN">
  <button style="
  width:145px;
  height:32px;
  border-radius:6px;
  margin: 13px 0;
  border: none;
  cursor: pointer;
  background: #02EE97;
  font-size: 12px;
  font-weight: bold;
  color: #FAFBFC;
">
    Activate
  </button>
</a>
    </div>
  </div>
</div>