{
  "id": "ANY",
  "email": "dawid@gmail.com",
  "username": "Dawid123"
}