{
  "id": "ANY",
  "email": "jarek@gmail.com",
  "username": "Jarek123"
}