{
  "id": "ANY",
  "email": "jarek@gmail.com",
  "username": "Jerry"
}