{
  "sent": [
    {
      "id": "ANY",
      "created_at": "ANY",
      "status": "pending",
      "invitee": {
        "id": "ANY",
        "email": "jacek@gmail.com",
        "username": "Jacek123"
      }
    },
    {
      "id": "ANY",
      "created_at": "ANY",
      "status": "accepted",
      "invitee": {
        "id": "ANY",
        "email": "dragon@gmail.com",
        "username": "DragonSlayer"
      }
    }
  ],
  "received": [
    {
      "id": "ANY",
      "created_at": "ANY",
      "status": "pending",
      "inviter": {
        "id": "ANY",
        "email": "marco@gmail.com",
        "username": "marco123"
      }
    }
  ]
}