{
  "sent": [
    {
      "id": "ANY",
      "created_at": "ANY",
      "status": "pending",
      "invitee": {
        "id": "ANY",
        "email": "jarek@gmail.com",
        "username": "Jarek123"
      }
    },
    {
      "id": "ANY",
      "created_at": "ANY",
      "status": "pending",
      "invitee": {
        "id": "ANY",
        "email": "jacek@gmail.com",
        "username": "Jacek123"
      }
    }
  ],
  "received": [

  ]
}